g++ : C:/msys64/mingw64/bin/../lib/gcc/x86_64-w64-mingw32/15.2.0/../../../../x86_64-w64-mingw32/bin/ld.exe: 
C:\Users\kozma\AppData\Local\Temp\ccXSwyUD.o:ArchetypeManager.cpp:(.text+0x35d): undefined reference to 
`LoadDirectoryFiles'
At line:1 char:1
+ g++ -std=c++17 -I. -I./src -I./src/include tests\archetype_tests.cpp  ...
+ ~~~~~~~~~~~~~~~~~~~~~~~~~~~~~~~~~~~~~~~~~~~~~~~~~~~~~~~~~~~~~~~~~~~~~
    + CategoryInfo          : NotSpecified: (C:/msys64/mingw...DirectoryFiles':String) [], RemoteException
    + FullyQualifiedErrorId : NativeCommandError
 
C:/msys64/mingw64/bin/../lib/gcc/x86_64-w64-mingw32/15.2.0/../../../../x86_64-w64-mingw32/bin/ld.exe: 
C:\Users\kozma\AppData\Local\Temp\ccXSwyUD.o:ArchetypeManager.cpp:(.text+0x397): undefined reference to 
`IsFileExtension'
C:/msys64/mingw64/bin/../lib/gcc/x86_64-w64-mingw32/15.2.0/../../../../x86_64-w64-mingw32/bin/ld.exe: 
C:\Users\kozma\AppData\Local\Temp\ccXSwyUD.o:ArchetypeManager.cpp:(.text+0x498): undefined reference to 
`UnloadDirectoryFiles'
C:/msys64/mingw64/bin/../lib/gcc/x86_64-w64-mingw32/15.2.0/../../../../x86_64-w64-mingw32/bin/ld.exe: 
C:\Users\kozma\AppData\Local\Temp\ccXSwyUD.o:ArchetypeManager.cpp:(.text+0x920): undefined reference to 
`GetFileNameWithoutExt'
collect2.exe: error: ld returned 1 exit status
